 spoofer

 Timestamp is 5b11810f (Fri Jun  1 19:23:27 2018)

 Preferred load address is 0000000140000000

 Start         Length     Name                   Class
 0001:00000000 00000380H .text$mn                CODE
 0001:00000380 0000001aH .text$s                 CODE
 0002:00000000 00000040H .idata$5                DATA
 0002:00000040 0000001cH .rdata                  DATA
 0002:0000005c 000000f4H .rdata$zzzdbg           DATA
 0002:00000150 000000bcH .xdata                  DATA
 0003:00000000 00000050H .data                   DATA
 0003:00000050 0000000cH .bss                    DATA
 0004:00000000 00000078H .pdata                  DATA
 0005:00000000 00000014H .idata$2                DATA
 0005:00000014 00000014H .idata$3                DATA
 0005:00000028 00000040H .idata$4                DATA
 0005:00000068 000000a6H .idata$6                DATA

  Address         Publics by Value              Rva+Base               Lib:Object

 0000:00000000       __dynamic_value_reloc_table 0000000000000000     <absolute>
 0000:00000000       __guard_fids_table         0000000000000000     <absolute>
 0000:00000000       ___safe_se_handler_count   0000000000000000     <absolute>
 0000:00000000       __guard_longjmp_count      0000000000000000     <absolute>
 0000:00000000       __guard_longjmp_table      0000000000000000     <absolute>
 0000:00000000       ___safe_se_handler_table   0000000000000000     <absolute>
 0000:00000000       __hybrid_code_map_count    0000000000000000     <absolute>
 0000:00000000       __enclave_config           0000000000000000     <absolute>
 0000:00000000       __guard_fids_count         0000000000000000     <absolute>
 0000:00000000       __hybrid_code_map          0000000000000000     <absolute>
 0000:00000000       __hybrid_auxiliary_iat     0000000000000000     <absolute>
 0000:00000000       __guard_iat_count          0000000000000000     <absolute>
 0000:00000000       __guard_iat_table          0000000000000000     <absolute>
 0000:00000000       __guard_flags              0000000000000000     <absolute>
 0001:00000000       DiskDriverDispatch         0000000140001000 f   main.obj
 0001:000000d0       DriverEntry                00000001400010d0 f   main.obj
 0001:00000190       SmartCompletionRoutine     0000000140001190 f   main.obj
 0001:000001d0       StorageQueryCompletionRoutine 00000001400011d0 f   main.obj
 0001:00000380       ??_C@_1BK@NMHHIFPM@?$AA?2?$AAD?$AAr?$AAi?$AAv?$AAe?$AAr?$AA?2?$AAd?$AAi?$AAs?$AAk?$AA?$AA@FNODOBFM@ 0000000140001380     main.obj
 0002:00000000       __imp_RtlInitUnicodeString 0000000140002000     ntoskrnl:ntoskrnl.exe
 0002:00000008       __imp_KeQuerySystemTimePrecise 0000000140002008     ntoskrnl:ntoskrnl.exe
 0002:00000010       __imp_ExAllocatePool       0000000140002010     ntoskrnl:ntoskrnl.exe
 0002:00000018       __imp_ExFreePoolWithTag    0000000140002018     ntoskrnl:ntoskrnl.exe
 0002:00000020       __imp_RtlRandomEx          0000000140002020     ntoskrnl:ntoskrnl.exe
 0002:00000028       __imp_ObReferenceObjectByName 0000000140002028     ntoskrnl:ntoskrnl.exe
 0002:00000030       __imp_IoDriverObjectType   0000000140002030     ntoskrnl:ntoskrnl.exe
 0002:00000030       IoDriverObjectType         0000000140002030     ntoskrnl:ntoskrnl.exe
 0002:00000038       \177ntoskrnl_NULL_THUNK_DATA 0000000140002038     ntoskrnl:ntoskrnl.exe
 0003:00000000       NumTable                   0000000140003000     main.obj
 0003:00000028       SpoofedHWID                0000000140003028     main.obj
 0003:00000050       RealDiskDeviceControl      0000000140003050     main.obj
 0003:00000058       HWIDGenerated              0000000140003058     main.obj
 0005:00000000       __IMPORT_DESCRIPTOR_ntoskrnl 0000000140005000     ntoskrnl:ntoskrnl.exe
 0005:00000014       __NULL_IMPORT_DESCRIPTOR   0000000140005014     ntoskrnl:ntoskrnl.exe

 entry point at        0001:000000d0

 Static symbols

 0002:00000150       $unwind$StorageQueryCompletionRoutine 0000000140002150     main.obj
 0002:00000160       $chain$1$StorageQueryCompletionRoutine 0000000140002160     main.obj
 0002:00000178       $chain$2$StorageQueryCompletionRoutine 0000000140002178     main.obj
 0002:0000018c       $chain$3$StorageQueryCompletionRoutine 000000014000218c     main.obj
 0002:000001a0       $chain$4$StorageQueryCompletionRoutine 00000001400021a0     main.obj
 0002:000001b0       $chain$5$StorageQueryCompletionRoutine 00000001400021b0     main.obj
 0002:000001c0       $chain$6$StorageQueryCompletionRoutine 00000001400021c0     main.obj
 0002:000001d4       $unwind$SmartCompletionRoutine 00000001400021d4     main.obj
 0002:000001e0       $unwind$DiskDriverDispatch 00000001400021e0     main.obj
 0002:000001f8       $unwind$DriverEntry        00000001400021f8     main.obj
 0004:00000000       $pdata$DiskDriverDispatch  0000000140004000     main.obj
 0004:0000000c       $pdata$DriverEntry         000000014000400c     main.obj
 0004:00000018       $pdata$SmartCompletionRoutine 0000000140004018     main.obj
 0004:00000024       $pdata$StorageQueryCompletionRoutine 0000000140004024     main.obj
 0004:00000030       $pdata$1$StorageQueryCompletionRoutine 0000000140004030     main.obj
 0004:0000003c       $pdata$2$StorageQueryCompletionRoutine 000000014000403c     main.obj
 0004:00000048       $pdata$3$StorageQueryCompletionRoutine 0000000140004048     main.obj
 0004:00000054       $pdata$4$StorageQueryCompletionRoutine 0000000140004054     main.obj
 0004:00000060       $pdata$5$StorageQueryCompletionRoutine 0000000140004060     main.obj
 0004:0000006c       $pdata$6$StorageQueryCompletionRoutine 000000014000406c     main.obj
 0005:00000100       .idata$6                   0000000140005100     ntoskrnl:ntoskrnl.exe

 Exports

  ordinal    name

